// Jest Snapshot v1, https://goo.gl/fbAQLP

exports[`

  REACT COMPONENT TESTS App component renders 1`] = `
<div
  className="normal"
  onMouseEnter={[Function]}
  onMouseLeave={[Function]}
>
  <h1>
    Helloaa
  </h1>
  <form
    className="sc-bdvvtL dibXdD"
  >
    Form
    <div
      className="sc-gsDKAQ jvsFNb"
    >
      Date - MillManager
    </div>
    <div
      className="sc-dkPtRN hpnlVh"
    >
      Shift Production Section
    </div>
    <div
      className="sc-hKwDye esucPI"
    >
      Resource Consumption Section
    </div>
  </form>
</div>
`;

exports[`

  REACT COMPONENT TESTS App component renders 2`] = `
<div
  className="hovered"
  onMouseEnter={[Function]}
  onMouseLeave={[Function]}
>
  <h1>
    Helloaa
  </h1>
  <form
    className="sc-bdvvtL dibXdD"
  >
    Form
    <div
      className="sc-gsDKAQ jvsFNb"
    >
      Date - MillManager
    </div>
    <div
      className="sc-dkPtRN hpnlVh"
    >
      Shift Production Section
    </div>
    <div
      className="sc-hKwDye esucPI"
    >
      Resource Consumption Section
    </div>
  </form>
</div>
`;

exports[`

  REACT COMPONENT TESTS App component renders 3`] = `
<div
  className="normal"
  onMouseEnter={[Function]}
  onMouseLeave={[Function]}
>
  <h1>
    Helloaa
  </h1>
  <form
    className="sc-bdvvtL dibXdD"
  >
    Form
    <div
      className="sc-gsDKAQ jvsFNb"
    >
      Date - MillManager
    </div>
    <div
      className="sc-dkPtRN hpnlVh"
    >
      Shift Production Section
    </div>
    <div
      className="sc-hKwDye esucPI"
    >
      Resource Consumption Section
    </div>
  </form>
</div>
`;
