// Jest Snapshot v1, https://goo.gl/fbAQLP

exports[`

  REACT COMPONENT TESTS App component renders 1`] = `
<div
  style={
    Object {
      "alignItems": "center",
      "display": "flex",
      "flexDirection": "column",
      "justifyContent": "center",
    }
  }
>
  <h1>
    Helloaa
  </h1>
  <form
    className="sc-bdvvtL gIQeXB"
    onSubmit={[Function]}
  >
    <div
      className="sc-gsDKAQ jvsFNb"
    >
      <div
        className="sc-eCImPb KqFGh"
      >
        <label
          htmlFor="millManager"
        >
          Mill Manager
        </label>
        <input
          className="production-form-input"
          htmlFor="millManager"
          id="millManager"
          label="Mill Manager"
          name="millManager"
          onChange={[Function]}
          required={true}
          type="text"
          value=""
        />
      </div>
      <div
        className="sc-eCImPb KqFGh"
      >
        <label
          htmlFor="logDate"
        >
          Log Date
        </label>
        <input
          className="production-form-input"
          htmlFor="logDate"
          id="logDate"
          label="Log Date"
          name="logDate"
          onChange={[Function]}
          required={true}
          type="date"
          value=""
        />
      </div>
    </div>
    <div
      className="sc-dkPtRN ouhZg"
    >
      <div
        className="shift-production-wrapper"
      >
        <h3>
          Shift Production
        </h3>
        <ul
          className="shift-production-tabs"
        >
          <li
            id="firstShift"
            onClick={[Function]}
            style={
              Object {
                "backgroundColor": "gray",
              }
            }
          >
            First Shift
          </li>
          <li
            id="secondShift"
            onClick={[Function]}
            style={
              Object {
                "backgroundColor": "",
              }
            }
          >
            Second Shift
          </li>
          <li
            id="thirdShift"
            onClick={[Function]}
            style={
              Object {
                "backgroundColor": "",
              }
            }
          >
            Third Shift
          </li>
        </ul>
        <div
          className="tab-wrapper"
        >
          <div
            className="shift-production-section"
            style={
              Object {
                "zIndex": "100",
              }
            }
          >
            <h4>
              First Shift
            </h4>
            <div
              className="sc-eCImPb KqFGh"
            >
              <label
                htmlFor="firstShiftManager"
              >
                Shift Manager
              </label>
              <input
                className="production-form-input"
                htmlFor="firstShiftManager"
                id="firstShiftManager"
                label="Shift Manager"
                name="firstShiftManager"
                onChange={[Function]}
                required={true}
                type="text"
                value=""
              />
            </div>
            <div>
              <p>
                Material Type
              </p>
              <div
                className="sc-eCImPb KqFGh"
              >
                <label
                  htmlFor="firstShiftMaterialStarched"
                >
                  Starched
                </label>
                <input
                  checked={false}
                  className="production-form-input"
                  htmlFor="firstShiftMaterialStarched"
                  id="firstShiftMaterialStarched"
                  label="Starched"
                  name="firstShiftMaterialStarched"
                  onChange={[Function]}
                  type="checkbox"
                />
              </div>
              <div
                className="sc-eCImPb KqFGh"
              >
                <label
                  htmlFor="firstShiftMaterialWeight"
                >
                  Weight
                </label>
                <input
                  className="production-form-input"
                  htmlFor="firstShiftMaterialWeight"
                  id="firstShiftMaterialWeight"
                  label="Weight"
                  min="0"
                  name="firstShiftMaterialWeight"
                  onChange={[Function]}
                  required={true}
                  type="number"
                  value=""
                />
              </div>
            </div>
            <div
              className="sc-eCImPb KqFGh"
            >
              <label
                htmlFor="firstShiftMaterialProduced"
              >
                Material Produced
              </label>
              <input
                className="production-form-input"
                htmlFor="firstShiftMaterialProduced"
                id="firstShiftMaterialProduced"
                label="Material Produced"
                min="0"
                name="firstShiftMaterialProduced"
                onChange={[Function]}
                required={true}
                step={0.1}
                type="number"
                value=""
              />
            </div>
            <div
              className="sc-eCImPb KqFGh"
            >
              <label
                htmlFor="firstShiftRawMaterialConsumed"
              >
                Raw Material Consumed
              </label>
              <input
                className="production-form-input"
                htmlFor="firstShiftRawMaterialConsumed"
                id="firstShiftRawMaterialConsumed"
                label="Raw Material Consumed"
                min="0"
                name="firstShiftRawMaterialConsumed"
                onChange={[Function]}
                required={true}
                step={0.1}
                type="number"
                value=""
              />
            </div>
          </div>
          <div
            className="shift-production-section"
            style={
              Object {
                "zIndex": "-100",
              }
            }
          >
            <h4>
              Second Shift
            </h4>
            <div
              className="sc-eCImPb KqFGh"
            >
              <label
                htmlFor="secondShiftManager"
              >
                Shift Manager
              </label>
              <input
                className="production-form-input"
                htmlFor="secondShiftManager"
                id="secondShiftManager"
                label="Shift Manager"
                name="secondShiftManager"
                onChange={[Function]}
                required={true}
                type="text"
                value=""
              />
            </div>
            <div>
              <p>
                Material Type
              </p>
              <div
                className="sc-eCImPb KqFGh"
              >
                <label
                  htmlFor="secondShiftMaterialStarched"
                >
                  Starched
                </label>
                <input
                  checked={false}
                  className="production-form-input"
                  htmlFor="secondShiftMaterialStarched"
                  id="secondShiftMaterialStarched"
                  label="Starched"
                  name="secondShiftMaterialStarched"
                  onChange={[Function]}
                  type="checkbox"
                />
              </div>
              <div
                className="sc-eCImPb KqFGh"
              >
                <label
                  htmlFor="secondShiftMaterialWeight"
                >
                  Weight
                </label>
                <input
                  className="production-form-input"
                  htmlFor="secondShiftMaterialWeight"
                  id="secondShiftMaterialWeight"
                  label="Weight"
                  min="0"
                  name="secondShiftMaterialWeight"
                  onChange={[Function]}
                  required={true}
                  type="number"
                  value=""
                />
              </div>
            </div>
            <div
              className="sc-eCImPb KqFGh"
            >
              <label
                htmlFor="secondShiftMaterialProduced"
              >
                Material Produced
              </label>
              <input
                className="production-form-input"
                htmlFor="secondShiftMaterialProduced"
                id="secondShiftMaterialProduced"
                label="Material Produced"
                min="0"
                name="secondShiftMaterialProduced"
                onChange={[Function]}
                required={true}
                step={0.1}
                type="number"
                value=""
              />
            </div>
            <div
              className="sc-eCImPb KqFGh"
            >
              <label
                htmlFor="secondShiftRawMaterialConsumed"
              >
                Raw Material Consumed
              </label>
              <input
                className="production-form-input"
                htmlFor="secondShiftRawMaterialConsumed"
                id="secondShiftRawMaterialConsumed"
                label="Raw Material Consumed"
                min="0"
                name="secondShiftRawMaterialConsumed"
                onChange={[Function]}
                required={true}
                step={0.1}
                type="number"
                value=""
              />
            </div>
          </div>
          <div
            className="shift-production-section"
            style={
              Object {
                "zIndex": "-100",
              }
            }
          >
            <h4>
              Third Shift
            </h4>
            <div
              className="sc-eCImPb KqFGh"
            >
              <label
                htmlFor="thirdShiftManager"
              >
                Shift Manager
              </label>
              <input
                className="production-form-input"
                htmlFor="thirdShiftManager"
                id="thirdShiftManager"
                label="Shift Manager"
                name="thirdShiftManager"
                onChange={[Function]}
                required={true}
                type="text"
                value=""
              />
            </div>
            <div>
              <p>
                Material Type
              </p>
              <div
                className="sc-eCImPb KqFGh"
              >
                <label
                  htmlFor="thirdShiftMaterialStarched"
                >
                  Starched
                </label>
                <input
                  checked={false}
                  className="production-form-input"
                  htmlFor="thirdShiftMaterialStarched"
                  id="thirdShiftMaterialStarched"
                  label="Starched"
                  name="thirdShiftMaterialStarched"
                  onChange={[Function]}
                  type="checkbox"
                />
              </div>
              <div
                className="sc-eCImPb KqFGh"
              >
                <label
                  htmlFor="thirdShiftMaterialWeight"
                >
                  Weight
                </label>
                <input
                  className="production-form-input"
                  htmlFor="thirdShiftMaterialWeight"
                  id="thirdShiftMaterialWeight"
                  label="Weight"
                  min="0"
                  name="thirdShiftMaterialWeight"
                  onChange={[Function]}
                  required={true}
                  type="number"
                  value=""
                />
              </div>
            </div>
            <div
              className="sc-eCImPb KqFGh"
            >
              <label
                htmlFor="thirdShiftMaterialProduced"
              >
                Material Produced
              </label>
              <input
                className="production-form-input"
                htmlFor="thirdShiftMaterialProduced"
                id="thirdShiftMaterialProduced"
                label="Material Produced"
                min="0"
                name="thirdShiftMaterialProduced"
                onChange={[Function]}
                required={true}
                step={0.1}
                type="number"
                value=""
              />
            </div>
            <div
              className="sc-eCImPb KqFGh"
            >
              <label
                htmlFor="thirdShiftRawMaterialConsumed"
              >
                Raw Material Consumed
              </label>
              <input
                className="production-form-input"
                htmlFor="thirdShiftRawMaterialConsumed"
                id="thirdShiftRawMaterialConsumed"
                label="Raw Material Consumed"
                min="0"
                name="thirdShiftRawMaterialConsumed"
                onChange={[Function]}
                required={true}
                step={0.1}
                type="number"
                value=""
              />
            </div>
          </div>
        </div>
      </div>
    </div>
    <div
      className="sc-hKwDye esucPI"
    >
      <div
        className="sc-eCImPb KqFGh"
      >
        <label
          htmlFor="coalUsed"
        >
          Coal Used
        </label>
        <input
          className="production-form-input"
          htmlFor="coalUsed"
          id="coalUsed"
          label="Coal Used"
          min="0"
          name="coalUsed"
          onChange={[Function]}
          required={true}
          step={0.1}
          type="number"
          value=""
        />
      </div>
      <div
        className="sc-eCImPb KqFGh"
      >
        <label
          htmlFor="electricityConsumed"
        >
          Electricity Consumed
        </label>
        <input
          className="production-form-input"
          htmlFor="electricityConsumed"
          id="electricityConsumed"
          label="Electricity Consumed"
          min="0"
          name="electricityConsumed"
          onChange={[Function]}
          required={true}
          step={0.1}
          type="number"
          value=""
        />
      </div>
      <div
        className="sc-eCImPb KqFGh"
      >
        <label
          htmlFor="starchConsumed"
        >
          Starch Consumed
        </label>
        <input
          className="production-form-input"
          htmlFor="starchConsumed"
          id="starchConsumed"
          label="Starch Consumed"
          min="0"
          name="starchConsumed"
          onChange={[Function]}
          required={true}
          step={0.1}
          type="number"
          value=""
        />
      </div>
      <div
        className="sc-eCImPb KqFGh"
      >
        <label
          htmlFor="polycationicConsumed"
        >
          Polycationic Consumed
        </label>
        <input
          className="production-form-input"
          htmlFor="polycationicConsumed"
          id="polycationicConsumed"
          label="Polycationic Consumed"
          min="0"
          name="polycationicConsumed"
          onChange={[Function]}
          required={true}
          step={0.1}
          type="number"
          value=""
        />
      </div>
      <div
        className="sc-eCImPb KqFGh"
      >
        <label
          htmlFor="akdConsumed"
        >
          AKD Consumed
        </label>
        <input
          className="production-form-input"
          htmlFor="akdConsumed"
          id="akdConsumed"
          label="AKD Consumed"
          min="0"
          name="akdConsumed"
          onChange={[Function]}
          required={true}
          step={0.1}
          type="number"
          value=""
        />
      </div>
      <div
        className="sc-eCImPb KqFGh"
      >
        <label
          htmlFor="antifoamConsumed"
        >
          Antifoam
        </label>
        <input
          className="production-form-input"
          htmlFor="antifoamConsumed"
          id="antifoamConsumed"
          label="Antifoam"
          min="0"
          name="antifoamConsumed"
          onChange={[Function]}
          required={true}
          step={0.1}
          type="number"
          value=""
        />
      </div>
      <div
        className="sc-eCImPb KqFGh"
      >
        <label
          htmlFor="dispro51Consumed"
        >
          Dispro 51 Consumed
        </label>
        <input
          className="production-form-input"
          htmlFor="dispro51Consumed"
          id="dispro51Consumed"
          label="Dispro 51 Consumed"
          min="0"
          name="dispro51Consumed"
          onChange={[Function]}
          required={true}
          step={0.1}
          type="number"
          value=""
        />
      </div>
      <div
        className="sc-eCImPb KqFGh"
      >
        <label
          htmlFor="timeLost"
        >
          Time Lost
        </label>
        <input
          className="production-form-input"
          htmlFor="timeLost"
          id="timeLost"
          label="Time Lost"
          max="24"
          min="0"
          name="timeLost"
          onChange={[Function]}
          required={true}
          type="number"
          value=""
        />
      </div>
    </div>
    <div>
      <button
        type="submit"
      >
        Submit
      </button>
    </div>
  </form>
  <div
    className="recharts-responsive-container"
    style={
      Object {
        "height": 350,
        "maxHeight": undefined,
        "minHeight": undefined,
        "minWidth": undefined,
        "width": "90%",
      }
    }
  />
  <button
    onClick={[Function]}
  >
    Add
  </button>
  <div
    className="sc-jRQBWg jIiQTa"
  >
    <table
      className="sc-gKclnd yOiLT"
      role="table"
    >
      <thead>
        <tr
          role="row"
        >
          <th
            colSpan={2}
            role="columnheader"
          >
            Info
          </th>
          <th
            colSpan={4}
            role="columnheader"
          >
            First Shift
          </th>
          <th
            colSpan={4}
            role="columnheader"
          >
            Second Shift
          </th>
          <th
            colSpan={4}
            role="columnheader"
          >
            Third Shift
          </th>
          <th
            colSpan={3}
            role="columnheader"
          >
            Daily Totals
          </th>
          <th
            colSpan={2}
            role="columnheader"
          >
            Coal
          </th>
          <th
            colSpan={2}
            role="columnheader"
          >
            Electricity
          </th>
          <th
            colSpan={5}
            role="columnheader"
          >
            Chemicals
          </th>
        </tr>
        <tr
          role="row"
        >
          <th
            colSpan={1}
            role="columnheader"
          >
            Date
          </th>
          <th
            colSpan={1}
            role="columnheader"
          >
            Manager
          </th>
          <th
            colSpan={1}
            role="columnheader"
          >
            Material Type
          </th>
          <th
            colSpan={1}
            role="columnheader"
          >
            Production
          </th>
          <th
            colSpan={1}
            role="columnheader"
          >
            Raw Material
          </th>
          <th
            colSpan={1}
            role="columnheader"
          >
            Fiber Loss
          </th>
          <th
            colSpan={1}
            role="columnheader"
          >
            Material Type
          </th>
          <th
            colSpan={1}
            role="columnheader"
          >
            Production
          </th>
          <th
            colSpan={1}
            role="columnheader"
          >
            Raw Material
          </th>
          <th
            colSpan={1}
            role="columnheader"
          >
            Fiber Loss
          </th>
          <th
            colSpan={1}
            role="columnheader"
          >
            Material Type
          </th>
          <th
            colSpan={1}
            role="columnheader"
          >
            Production
          </th>
          <th
            colSpan={1}
            role="columnheader"
          >
            Raw Material
          </th>
          <th
            colSpan={1}
            role="columnheader"
          >
            Fiber Loss
          </th>
          <th
            colSpan={1}
            role="columnheader"
          >
            Total Production
          </th>
          <th
            colSpan={1}
            role="columnheader"
          >
            Total Raw Material
          </th>
          <th
            colSpan={1}
            role="columnheader"
          >
            Total Fiber Loss
          </th>
          <th
            colSpan={1}
            role="columnheader"
          >
            Total
          </th>
          <th
            colSpan={1}
            role="columnheader"
          >
            kg per ton
          </th>
          <th
            colSpan={1}
            role="columnheader"
          >
            Total
          </th>
          <th
            colSpan={1}
            role="columnheader"
          >
            Kw per ton
          </th>
          <th
            colSpan={1}
            role="columnheader"
          >
            Starch
          </th>
          <th
            colSpan={1}
            role="columnheader"
          >
            Polycationic
          </th>
          <th
            colSpan={1}
            role="columnheader"
          >
            AKD
          </th>
          <th
            colSpan={1}
            role="columnheader"
          >
            Antifoam
          </th>
          <th
            colSpan={1}
            role="columnheader"
          >
            Dispro 51
          </th>
        </tr>
      </thead>
      <tbody
        role="rowgroup"
      >
        <tr
          role="row"
        >
          <td
            role="cell"
          >
            2020-10-01
          </td>
          <td
            role="cell"
          >
            Jorge
          </td>
          <td
            role="cell"
          >
            T-180
          </td>
          <td
            role="cell"
          >
            19900
          </td>
          <td
            role="cell"
          >
            21000
          </td>
          <td
            role="cell"
          >
            5.24%
          </td>
          <td
            role="cell"
          >
            W-160
          </td>
          <td
            role="cell"
          >
            21900
          </td>
          <td
            role="cell"
          >
            22100
          </td>
          <td
            role="cell"
          >
            0.9%
          </td>
          <td
            role="cell"
          >
            T-140
          </td>
          <td
            role="cell"
          >
            20900
          </td>
          <td
            role="cell"
          >
            21100
          </td>
          <td
            role="cell"
          >
            0.95%
          </td>
          <td
            role="cell"
          >
            
          </td>
          <td
            role="cell"
          >
            
          </td>
          <td
            role="cell"
          >
            2.34%
          </td>
          <td
            role="cell"
          >
            3000
          </td>
          <td
            role="cell"
          >
            NaN
          </td>
          <td
            role="cell"
          >
            212000
          </td>
          <td
            role="cell"
          >
            NaN
          </td>
          <td
            role="cell"
          >
            200
          </td>
          <td
            role="cell"
          >
            250
          </td>
          <td
            role="cell"
          >
            300
          </td>
          <td
            role="cell"
          >
            220
          </td>
          <td
            role="cell"
          >
            222
          </td>
        </tr>
        <tr
          role="row"
        >
          <td
            role="cell"
          >
            2020-10-02
          </td>
          <td
            role="cell"
          >
            Jorge
          </td>
          <td
            role="cell"
          >
            T-180
          </td>
          <td
            role="cell"
          >
            19900
          </td>
          <td
            role="cell"
          >
            21000
          </td>
          <td
            role="cell"
          >
            5.24%
          </td>
          <td
            role="cell"
          >
            W-160
          </td>
          <td
            role="cell"
          >
            21900
          </td>
          <td
            role="cell"
          >
            22100
          </td>
          <td
            role="cell"
          >
            0.9%
          </td>
          <td
            role="cell"
          >
            T-140
          </td>
          <td
            role="cell"
          >
            20900
          </td>
          <td
            role="cell"
          >
            21100
          </td>
          <td
            role="cell"
          >
            0.95%
          </td>
          <td
            role="cell"
          >
            
          </td>
          <td
            role="cell"
          >
            
          </td>
          <td
            role="cell"
          >
            2.34%
          </td>
          <td
            role="cell"
          >
            3000
          </td>
          <td
            role="cell"
          >
            NaN
          </td>
          <td
            role="cell"
          >
            212000
          </td>
          <td
            role="cell"
          >
            NaN
          </td>
          <td
            role="cell"
          >
            200
          </td>
          <td
            role="cell"
          >
            250
          </td>
          <td
            role="cell"
          >
            300
          </td>
          <td
            role="cell"
          >
            220
          </td>
          <td
            role="cell"
          >
            222
          </td>
        </tr>
        <tr
          role="row"
        >
          <td
            role="cell"
          >
            1995-12-17
          </td>
          <td
            role="cell"
          >
            Jorge
          </td>
          <td
            role="cell"
          >
            T-180
          </td>
          <td
            role="cell"
          >
            19900
          </td>
          <td
            role="cell"
          >
            21000
          </td>
          <td
            role="cell"
          >
            5.24%
          </td>
          <td
            role="cell"
          >
            W-160
          </td>
          <td
            role="cell"
          >
            21900
          </td>
          <td
            role="cell"
          >
            22100
          </td>
          <td
            role="cell"
          >
            0.9%
          </td>
          <td
            role="cell"
          >
            T-140
          </td>
          <td
            role="cell"
          >
            20900
          </td>
          <td
            role="cell"
          >
            21100
          </td>
          <td
            role="cell"
          >
            0.95%
          </td>
          <td
            role="cell"
          >
            
          </td>
          <td
            role="cell"
          >
            
          </td>
          <td
            role="cell"
          >
            2.34%
          </td>
          <td
            role="cell"
          >
            3000
          </td>
          <td
            role="cell"
          >
            NaN
          </td>
          <td
            role="cell"
          >
            212000
          </td>
          <td
            role="cell"
          >
            NaN
          </td>
          <td
            role="cell"
          >
            200
          </td>
          <td
            role="cell"
          >
            250
          </td>
          <td
            role="cell"
          >
            300
          </td>
          <td
            role="cell"
          >
            220
          </td>
          <td
            role="cell"
          >
            222
          </td>
        </tr>
        <tr
          role="row"
        >
          <td
            role="cell"
          >
            1995-11-17
          </td>
          <td
            role="cell"
          >
            Jorge
          </td>
          <td
            role="cell"
          >
            T-180
          </td>
          <td
            role="cell"
          >
            19900
          </td>
          <td
            role="cell"
          >
            21000
          </td>
          <td
            role="cell"
          >
            5.24%
          </td>
          <td
            role="cell"
          >
            W-160
          </td>
          <td
            role="cell"
          >
            21900
          </td>
          <td
            role="cell"
          >
            22100
          </td>
          <td
            role="cell"
          >
            0.9%
          </td>
          <td
            role="cell"
          >
            T-140
          </td>
          <td
            role="cell"
          >
            20900
          </td>
          <td
            role="cell"
          >
            21100
          </td>
          <td
            role="cell"
          >
            0.95%
          </td>
          <td
            role="cell"
          >
            
          </td>
          <td
            role="cell"
          >
            
          </td>
          <td
            role="cell"
          >
            2.34%
          </td>
          <td
            role="cell"
          >
            3000
          </td>
          <td
            role="cell"
          >
            NaN
          </td>
          <td
            role="cell"
          >
            212000
          </td>
          <td
            role="cell"
          >
            NaN
          </td>
          <td
            role="cell"
          >
            200
          </td>
          <td
            role="cell"
          >
            250
          </td>
          <td
            role="cell"
          >
            300
          </td>
          <td
            role="cell"
          >
            220
          </td>
          <td
            role="cell"
          >
            222
          </td>
        </tr>
        <tr
          role="row"
        >
          <td
            role="cell"
          >
            1995-11-16
          </td>
          <td
            role="cell"
          >
            Jorge
          </td>
          <td
            role="cell"
          >
            T-180
          </td>
          <td
            role="cell"
          >
            19900
          </td>
          <td
            role="cell"
          >
            21000
          </td>
          <td
            role="cell"
          >
            5.24%
          </td>
          <td
            role="cell"
          >
            W-160
          </td>
          <td
            role="cell"
          >
            21900
          </td>
          <td
            role="cell"
          >
            22100
          </td>
          <td
            role="cell"
          >
            0.9%
          </td>
          <td
            role="cell"
          >
            T-140
          </td>
          <td
            role="cell"
          >
            20900
          </td>
          <td
            role="cell"
          >
            21100
          </td>
          <td
            role="cell"
          >
            0.95%
          </td>
          <td
            role="cell"
          >
            
          </td>
          <td
            role="cell"
          >
            
          </td>
          <td
            role="cell"
          >
            2.34%
          </td>
          <td
            role="cell"
          >
            3000
          </td>
          <td
            role="cell"
          >
            NaN
          </td>
          <td
            role="cell"
          >
            212000
          </td>
          <td
            role="cell"
          >
            NaN
          </td>
          <td
            role="cell"
          >
            200
          </td>
          <td
            role="cell"
          >
            250
          </td>
          <td
            role="cell"
          >
            300
          </td>
          <td
            role="cell"
          >
            220
          </td>
          <td
            role="cell"
          >
            222
          </td>
        </tr>
        <tr
          role="row"
        >
          <td
            role="cell"
          >
            2018-12-30
          </td>
          <td
            role="cell"
          >
            Jorge
          </td>
          <td
            role="cell"
          >
            T-180
          </td>
          <td
            role="cell"
          >
            19900
          </td>
          <td
            role="cell"
          >
            21000
          </td>
          <td
            role="cell"
          >
            5.24%
          </td>
          <td
            role="cell"
          >
            W-160
          </td>
          <td
            role="cell"
          >
            21900
          </td>
          <td
            role="cell"
          >
            22100
          </td>
          <td
            role="cell"
          >
            0.9%
          </td>
          <td
            role="cell"
          >
            T-140
          </td>
          <td
            role="cell"
          >
            20900
          </td>
          <td
            role="cell"
          >
            21100
          </td>
          <td
            role="cell"
          >
            0.95%
          </td>
          <td
            role="cell"
          >
            
          </td>
          <td
            role="cell"
          >
            
          </td>
          <td
            role="cell"
          >
            2.34%
          </td>
          <td
            role="cell"
          >
            3000
          </td>
          <td
            role="cell"
          >
            NaN
          </td>
          <td
            role="cell"
          >
            212000
          </td>
          <td
            role="cell"
          >
            NaN
          </td>
          <td
            role="cell"
          >
            200
          </td>
          <td
            role="cell"
          >
            250
          </td>
          <td
            role="cell"
          >
            300
          </td>
          <td
            role="cell"
          >
            220
          </td>
          <td
            role="cell"
          >
            222
          </td>
        </tr>
        <tr
          role="row"
        >
          <td
            role="cell"
          >
            2018-12-31
          </td>
          <td
            role="cell"
          >
            Jorge
          </td>
          <td
            role="cell"
          >
            T-180
          </td>
          <td
            role="cell"
          >
            19900
          </td>
          <td
            role="cell"
          >
            21000
          </td>
          <td
            role="cell"
          >
            5.24%
          </td>
          <td
            role="cell"
          >
            W-160
          </td>
          <td
            role="cell"
          >
            21900
          </td>
          <td
            role="cell"
          >
            22100
          </td>
          <td
            role="cell"
          >
            0.9%
          </td>
          <td
            role="cell"
          >
            T-140
          </td>
          <td
            role="cell"
          >
            20900
          </td>
          <td
            role="cell"
          >
            21100
          </td>
          <td
            role="cell"
          >
            0.95%
          </td>
          <td
            role="cell"
          >
            
          </td>
          <td
            role="cell"
          >
            
          </td>
          <td
            role="cell"
          >
            2.34%
          </td>
          <td
            role="cell"
          >
            3000
          </td>
          <td
            role="cell"
          >
            NaN
          </td>
          <td
            role="cell"
          >
            212000
          </td>
          <td
            role="cell"
          >
            NaN
          </td>
          <td
            role="cell"
          >
            200
          </td>
          <td
            role="cell"
          >
            250
          </td>
          <td
            role="cell"
          >
            300
          </td>
          <td
            role="cell"
          >
            220
          </td>
          <td
            role="cell"
          >
            222
          </td>
        </tr>
        <tr
          role="row"
        >
          <td
            role="cell"
          >
            2018-12-01
          </td>
          <td
            role="cell"
          >
            Jorge
          </td>
          <td
            role="cell"
          >
            T-180
          </td>
          <td
            role="cell"
          >
            19900
          </td>
          <td
            role="cell"
          >
            21000
          </td>
          <td
            role="cell"
          >
            5.24%
          </td>
          <td
            role="cell"
          >
            W-160
          </td>
          <td
            role="cell"
          >
            21900
          </td>
          <td
            role="cell"
          >
            22100
          </td>
          <td
            role="cell"
          >
            0.9%
          </td>
          <td
            role="cell"
          >
            T-140
          </td>
          <td
            role="cell"
          >
            20900
          </td>
          <td
            role="cell"
          >
            21100
          </td>
          <td
            role="cell"
          >
            0.95%
          </td>
          <td
            role="cell"
          >
            
          </td>
          <td
            role="cell"
          >
            
          </td>
          <td
            role="cell"
          >
            2.34%
          </td>
          <td
            role="cell"
          >
            3000
          </td>
          <td
            role="cell"
          >
            NaN
          </td>
          <td
            role="cell"
          >
            212000
          </td>
          <td
            role="cell"
          >
            NaN
          </td>
          <td
            role="cell"
          >
            200
          </td>
          <td
            role="cell"
          >
            250
          </td>
          <td
            role="cell"
          >
            300
          </td>
          <td
            role="cell"
          >
            220
          </td>
          <td
            role="cell"
          >
            222
          </td>
        </tr>
        <tr
          role="row"
        >
          <td
            role="cell"
          >
            2018-09-01
          </td>
          <td
            role="cell"
          >
            Jorge
          </td>
          <td
            role="cell"
          >
            T-180
          </td>
          <td
            role="cell"
          >
            19900
          </td>
          <td
            role="cell"
          >
            21000
          </td>
          <td
            role="cell"
          >
            5.24%
          </td>
          <td
            role="cell"
          >
            W-160
          </td>
          <td
            role="cell"
          >
            21900
          </td>
          <td
            role="cell"
          >
            22100
          </td>
          <td
            role="cell"
          >
            0.9%
          </td>
          <td
            role="cell"
          >
            T-140
          </td>
          <td
            role="cell"
          >
            20900
          </td>
          <td
            role="cell"
          >
            21100
          </td>
          <td
            role="cell"
          >
            0.95%
          </td>
          <td
            role="cell"
          >
            
          </td>
          <td
            role="cell"
          >
            
          </td>
          <td
            role="cell"
          >
            2.34%
          </td>
          <td
            role="cell"
          >
            3000
          </td>
          <td
            role="cell"
          >
            NaN
          </td>
          <td
            role="cell"
          >
            212000
          </td>
          <td
            role="cell"
          >
            NaN
          </td>
          <td
            role="cell"
          >
            200
          </td>
          <td
            role="cell"
          >
            250
          </td>
          <td
            role="cell"
          >
            300
          </td>
          <td
            role="cell"
          >
            220
          </td>
          <td
            role="cell"
          >
            222
          </td>
        </tr>
        <tr
          role="row"
        >
          <td
            role="cell"
          >
            2021-11-04
          </td>
          <td
            role="cell"
          >
            Arcila
          </td>
          <td
            role="cell"
          >
            T-160
          </td>
          <td
            role="cell"
          >
            21000
          </td>
          <td
            role="cell"
          >
            22000
          </td>
          <td
            role="cell"
          >
            4.55%
          </td>
          <td
            role="cell"
          >
            W-160
          </td>
          <td
            role="cell"
          >
            22000
          </td>
          <td
            role="cell"
          >
            22300
          </td>
          <td
            role="cell"
          >
            1.35%
          </td>
          <td
            role="cell"
          >
            T-150
          </td>
          <td
            role="cell"
          >
            20500
          </td>
          <td
            role="cell"
          >
            21000
          </td>
          <td
            role="cell"
          >
            2.38%
          </td>
          <td
            role="cell"
          >
            
          </td>
          <td
            role="cell"
          >
            
          </td>
          <td
            role="cell"
          >
            2.76%
          </td>
          <td
            role="cell"
          >
            500
          </td>
          <td
            role="cell"
          >
            NaN
          </td>
          <td
            role="cell"
          >
            2100000
          </td>
          <td
            role="cell"
          >
            NaN
          </td>
          <td
            role="cell"
          >
            300
          </td>
          <td
            role="cell"
          >
            320
          </td>
          <td
            role="cell"
          >
            520
          </td>
          <td
            role="cell"
          >
            410
          </td>
          <td
            role="cell"
          >
            500
          </td>
        </tr>
        <tr
          role="row"
        >
          <td
            role="cell"
          >
            2021-11-05
          </td>
          <td
            role="cell"
          >
            Arcila
          </td>
          <td
            role="cell"
          >
            T-160
          </td>
          <td
            role="cell"
          >
            21000
          </td>
          <td
            role="cell"
          >
            22000
          </td>
          <td
            role="cell"
          >
            4.55%
          </td>
          <td
            role="cell"
          >
            W-160
          </td>
          <td
            role="cell"
          >
            22000
          </td>
          <td
            role="cell"
          >
            22300
          </td>
          <td
            role="cell"
          >
            1.35%
          </td>
          <td
            role="cell"
          >
            T-150
          </td>
          <td
            role="cell"
          >
            20500
          </td>
          <td
            role="cell"
          >
            21000
          </td>
          <td
            role="cell"
          >
            2.38%
          </td>
          <td
            role="cell"
          >
            
          </td>
          <td
            role="cell"
          >
            
          </td>
          <td
            role="cell"
          >
            2.76%
          </td>
          <td
            role="cell"
          >
            500
          </td>
          <td
            role="cell"
          >
            NaN
          </td>
          <td
            role="cell"
          >
            2100000
          </td>
          <td
            role="cell"
          >
            NaN
          </td>
          <td
            role="cell"
          >
            300
          </td>
          <td
            role="cell"
          >
            320
          </td>
          <td
            role="cell"
          >
            520
          </td>
          <td
            role="cell"
          >
            410
          </td>
          <td
            role="cell"
          >
            500
          </td>
        </tr>
      </tbody>
    </table>
  </div>
  <pre>
    <code>
      {
    "Date": "2020-10-01",
    "Manager": "Jorge",
    "first-shift-material-type": "T-180",
    "first-shift-production": 19900,
    "first-shift-raw-material": 21000,
    "first-shift-fiber-loss": "5.24%",
    "second-shift-material-type": "W-160",
    "second-shift-production": 21900,
    "second-shift-raw-material": 22100,
    "second-shift-fiber-loss": "0.9%",
    "third-shift-material-type": "T-140",
    "third-shift-production": 20900,
    "third-shift-raw-material": 21100,
    "third-shift-fiber-loss": "0.95%",
    "daily-total-fiber-loss": "2.34%",
    "total-coal": 3000,
    "coal-kg-per-ton": null,
    "total-electricity": 212000,
    "kw-per-ton": null,
    "total-starch": 200,
    "total-polycationic": 250,
    "total-akd": 300,
    "total-antifoam": 220,
    "total-dispro51": 222
}
      {
    "Date": "2020-10-02",
    "Manager": "Jorge",
    "first-shift-material-type": "T-180",
    "first-shift-production": 19900,
    "first-shift-raw-material": 21000,
    "first-shift-fiber-loss": "5.24%",
    "second-shift-material-type": "W-160",
    "second-shift-production": 21900,
    "second-shift-raw-material": 22100,
    "second-shift-fiber-loss": "0.9%",
    "third-shift-material-type": "T-140",
    "third-shift-production": 20900,
    "third-shift-raw-material": 21100,
    "third-shift-fiber-loss": "0.95%",
    "daily-total-fiber-loss": "2.34%",
    "total-coal": 3000,
    "coal-kg-per-ton": null,
    "total-electricity": 212000,
    "kw-per-ton": null,
    "total-starch": 200,
    "total-polycationic": 250,
    "total-akd": 300,
    "total-antifoam": 220,
    "total-dispro51": 222
}
      {
    "Date": "1995-12-17",
    "Manager": "Jorge",
    "first-shift-material-type": "T-180",
    "first-shift-production": 19900,
    "first-shift-raw-material": 21000,
    "first-shift-fiber-loss": "5.24%",
    "second-shift-material-type": "W-160",
    "second-shift-production": 21900,
    "second-shift-raw-material": 22100,
    "second-shift-fiber-loss": "0.9%",
    "third-shift-material-type": "T-140",
    "third-shift-production": 20900,
    "third-shift-raw-material": 21100,
    "third-shift-fiber-loss": "0.95%",
    "daily-total-fiber-loss": "2.34%",
    "total-coal": 3000,
    "coal-kg-per-ton": null,
    "total-electricity": 212000,
    "kw-per-ton": null,
    "total-starch": 200,
    "total-polycationic": 250,
    "total-akd": 300,
    "total-antifoam": 220,
    "total-dispro51": 222
}
      {
    "Date": "1995-11-17",
    "Manager": "Jorge",
    "first-shift-material-type": "T-180",
    "first-shift-production": 19900,
    "first-shift-raw-material": 21000,
    "first-shift-fiber-loss": "5.24%",
    "second-shift-material-type": "W-160",
    "second-shift-production": 21900,
    "second-shift-raw-material": 22100,
    "second-shift-fiber-loss": "0.9%",
    "third-shift-material-type": "T-140",
    "third-shift-production": 20900,
    "third-shift-raw-material": 21100,
    "third-shift-fiber-loss": "0.95%",
    "daily-total-fiber-loss": "2.34%",
    "total-coal": 3000,
    "coal-kg-per-ton": null,
    "total-electricity": 212000,
    "kw-per-ton": null,
    "total-starch": 200,
    "total-polycationic": 250,
    "total-akd": 300,
    "total-antifoam": 220,
    "total-dispro51": 222
}
      {
    "Date": "1995-11-16",
    "Manager": "Jorge",
    "first-shift-material-type": "T-180",
    "first-shift-production": 19900,
    "first-shift-raw-material": 21000,
    "first-shift-fiber-loss": "5.24%",
    "second-shift-material-type": "W-160",
    "second-shift-production": 21900,
    "second-shift-raw-material": 22100,
    "second-shift-fiber-loss": "0.9%",
    "third-shift-material-type": "T-140",
    "third-shift-production": 20900,
    "third-shift-raw-material": 21100,
    "third-shift-fiber-loss": "0.95%",
    "daily-total-fiber-loss": "2.34%",
    "total-coal": 3000,
    "coal-kg-per-ton": null,
    "total-electricity": 212000,
    "kw-per-ton": null,
    "total-starch": 200,
    "total-polycationic": 250,
    "total-akd": 300,
    "total-antifoam": 220,
    "total-dispro51": 222
}
      {
    "Date": "2018-12-30",
    "Manager": "Jorge",
    "first-shift-material-type": "T-180",
    "first-shift-production": 19900,
    "first-shift-raw-material": 21000,
    "first-shift-fiber-loss": "5.24%",
    "second-shift-material-type": "W-160",
    "second-shift-production": 21900,
    "second-shift-raw-material": 22100,
    "second-shift-fiber-loss": "0.9%",
    "third-shift-material-type": "T-140",
    "third-shift-production": 20900,
    "third-shift-raw-material": 21100,
    "third-shift-fiber-loss": "0.95%",
    "daily-total-fiber-loss": "2.34%",
    "total-coal": 3000,
    "coal-kg-per-ton": null,
    "total-electricity": 212000,
    "kw-per-ton": null,
    "total-starch": 200,
    "total-polycationic": 250,
    "total-akd": 300,
    "total-antifoam": 220,
    "total-dispro51": 222
}
      {
    "Date": "2018-12-31",
    "Manager": "Jorge",
    "first-shift-material-type": "T-180",
    "first-shift-production": 19900,
    "first-shift-raw-material": 21000,
    "first-shift-fiber-loss": "5.24%",
    "second-shift-material-type": "W-160",
    "second-shift-production": 21900,
    "second-shift-raw-material": 22100,
    "second-shift-fiber-loss": "0.9%",
    "third-shift-material-type": "T-140",
    "third-shift-production": 20900,
    "third-shift-raw-material": 21100,
    "third-shift-fiber-loss": "0.95%",
    "daily-total-fiber-loss": "2.34%",
    "total-coal": 3000,
    "coal-kg-per-ton": null,
    "total-electricity": 212000,
    "kw-per-ton": null,
    "total-starch": 200,
    "total-polycationic": 250,
    "total-akd": 300,
    "total-antifoam": 220,
    "total-dispro51": 222
}
      {
    "Date": "2018-12-01",
    "Manager": "Jorge",
    "first-shift-material-type": "T-180",
    "first-shift-production": 19900,
    "first-shift-raw-material": 21000,
    "first-shift-fiber-loss": "5.24%",
    "second-shift-material-type": "W-160",
    "second-shift-production": 21900,
    "second-shift-raw-material": 22100,
    "second-shift-fiber-loss": "0.9%",
    "third-shift-material-type": "T-140",
    "third-shift-production": 20900,
    "third-shift-raw-material": 21100,
    "third-shift-fiber-loss": "0.95%",
    "daily-total-fiber-loss": "2.34%",
    "total-coal": 3000,
    "coal-kg-per-ton": null,
    "total-electricity": 212000,
    "kw-per-ton": null,
    "total-starch": 200,
    "total-polycationic": 250,
    "total-akd": 300,
    "total-antifoam": 220,
    "total-dispro51": 222
}
      {
    "Date": "2018-09-01",
    "Manager": "Jorge",
    "first-shift-material-type": "T-180",
    "first-shift-production": 19900,
    "first-shift-raw-material": 21000,
    "first-shift-fiber-loss": "5.24%",
    "second-shift-material-type": "W-160",
    "second-shift-production": 21900,
    "second-shift-raw-material": 22100,
    "second-shift-fiber-loss": "0.9%",
    "third-shift-material-type": "T-140",
    "third-shift-production": 20900,
    "third-shift-raw-material": 21100,
    "third-shift-fiber-loss": "0.95%",
    "daily-total-fiber-loss": "2.34%",
    "total-coal": 3000,
    "coal-kg-per-ton": null,
    "total-electricity": 212000,
    "kw-per-ton": null,
    "total-starch": 200,
    "total-polycationic": 250,
    "total-akd": 300,
    "total-antifoam": 220,
    "total-dispro51": 222
}
      {
    "Date": "2021-11-04",
    "Manager": "Arcila",
    "first-shift-material-type": "T-160",
    "first-shift-production": 21000,
    "first-shift-raw-material": 22000,
    "first-shift-fiber-loss": "4.55%",
    "second-shift-material-type": "W-160",
    "second-shift-production": 22000,
    "second-shift-raw-material": 22300,
    "second-shift-fiber-loss": "1.35%",
    "third-shift-material-type": "T-150",
    "third-shift-production": 20500,
    "third-shift-raw-material": 21000,
    "third-shift-fiber-loss": "2.38%",
    "daily-total-fiber-loss": "2.76%",
    "total-coal": 500,
    "coal-kg-per-ton": null,
    "total-electricity": 2100000,
    "kw-per-ton": null,
    "total-starch": 300,
    "total-polycationic": 320,
    "total-akd": 520,
    "total-antifoam": 410,
    "total-dispro51": 500
}
      {
    "Date": "2021-11-05",
    "Manager": "Arcila",
    "first-shift-material-type": "T-160",
    "first-shift-production": 21000,
    "first-shift-raw-material": 22000,
    "first-shift-fiber-loss": "4.55%",
    "second-shift-material-type": "W-160",
    "second-shift-production": 22000,
    "second-shift-raw-material": 22300,
    "second-shift-fiber-loss": "1.35%",
    "third-shift-material-type": "T-150",
    "third-shift-production": 20500,
    "third-shift-raw-material": 21000,
    "third-shift-fiber-loss": "2.38%",
    "daily-total-fiber-loss": "2.76%",
    "total-coal": 500,
    "coal-kg-per-ton": null,
    "total-electricity": 2100000,
    "kw-per-ton": null,
    "total-starch": 300,
    "total-polycationic": 320,
    "total-akd": 520,
    "total-antifoam": 410,
    "total-dispro51": 500
}
    </code>
  </pre>
</div>
`;
